// Jest Snapshot v1, https://goo.gl/fbAQLP

exports[`<Footer /> renders the <Footer /> with populated data 1`] = `
<div
  class="footer__Container-qu6i6-0 fdabQX"
>
  <p
    class="footer__Title-qu6i6-4 gNEEgm"
  >
    Questions? Contact us.
  </p>
  <div
    class="footer__Break-qu6i6-6 euhZvx"
  />
  <div
    class="footer__Row-qu6i6-2 jZHtZY"
  >
    <div
      class="footer__Column-qu6i6-1 gtKCYz"
    >
      <a
        class="footer__Link-qu6i6-3 crvvk"
        href="#"
      >
        FAQ
      </a>
      <a
        class="footer__Link-qu6i6-3 crvvk"
        href="#"
      >
        Investors Relations
      </a>
      <a
        class="footer__Link-qu6i6-3 crvvk"
        href="#"
      >
        Ways to Watch
      </a>
      <a
        class="footer__Link-qu6i6-3 crvvk"
        href="#"
      >
        Corporate Information
      </a>
      <a
        class="footer__Link-qu6i6-3 crvvk"
        href="#"
      >
        Netflix Originals
      </a>
    </div>
    <div
      class="footer__Column-qu6i6-1 gtKCYz"
    >
      <a
        class="footer__Link-qu6i6-3 crvvk"
        href="#"
      >
        Help Center
      </a>
      <a
        class="footer__Link-qu6i6-3 crvvk"
        href="#"
      >
        Jobs
      </a>
      <a
        class="footer__Link-qu6i6-3 crvvk"
        href="#"
      >
        Terms of Use
      </a>
      <a
        class="footer__Link-qu6i6-3 crvvk"
        href="#"
      >
        Contact Us
      </a>
    </div>
    <div
      class="footer__Column-qu6i6-1 gtKCYz"
    >
      <a
        class="footer__Link-qu6i6-3 crvvk"
        href="#"
      >
        Account
      </a>
      <a
        class="footer__Link-qu6i6-3 crvvk"
        href="#"
      >
        Redeem Gift Cards
      </a>
      <a
        class="footer__Link-qu6i6-3 crvvk"
        href="#"
      >
        Privacy
      </a>
      <a
        class="footer__Link-qu6i6-3 crvvk"
        href="#"
      >
        Speed Test
      </a>
    </div>
    <div
      class="footer__Column-qu6i6-1 gtKCYz"
    >
      <a
        class="footer__Link-qu6i6-3 crvvk"
        href="#"
      >
        Media Center
      </a>
      <a
        class="footer__Link-qu6i6-3 crvvk"
        href="#"
      >
        Buy Gift Cards
      </a>
      <a
        class="footer__Link-qu6i6-3 crvvk"
        href="#"
      >
        Cookies Prefrences
      </a>
      <a
        class="footer__Link-qu6i6-3 crvvk"
        href="#"
      >
        Legal Notices
      </a>
    </div>
  </div>
  <div
    class="footer__Break-qu6i6-6 euhZvx"
  />
  <p
    class="footer__Text-qu6i6-5 cLjUzP"
  >
    Netflix Dubai
  </p>
</div>
`;
